  Determining projects to restore...
  All projects are up-to-date for restore.
  SaaS.Domain -> D:\Rajeev\Projects\MultiTenantSaaS\src\backend\SaaS.Domain\bin\Debug\net8.0\SaaS.Domain.dll
  SaaS.Application -> D:\Rajeev\Projects\MultiTenantSaaS\src\backend\SaaS.Application\bin\Debug\net8.0\SaaS.Application.dll
  SaaS.Infrastructure -> D:\Rajeev\Projects\MultiTenantSaaS\src\backend\SaaS.Infrastructure\bin\Debug\net8.0\SaaS.Infrastructure.dll
C:\Program Files\dotnet\sdk\10.0.101\Microsoft.Common.CurrentVersion.targets(5080,5): warning MSB3026: Could not copy "D:\Rajeev\Projects\MultiTenantSaaS\src\backend\SaaS.Domain\bin\Debug\net8.0\SaaS.Domain.dll" to "bin\Debug\net8.0\SaaS.Domain.dll". Beginning retry 1 in 1000ms. The process cannot access the file 'D:\Rajeev\Projects\MultiTenantSaaS\src\backend\SaaS.Api\bin\Debug\net8.0\SaaS.Domain.dll' because it is being used by another process. The file is locked by: "SaaS.Api (16068)" [D:\Rajeev\Projects\MultiTenantSaaS\src\backend\SaaS.Api\SaaS.Api.csproj]
C:\Program Files\dotnet\sdk\10.0.101\Microsoft.Common.CurrentVersion.targets(5080,5): warning MSB3026: Could not copy "D:\Rajeev\Projects\MultiTenantSaaS\src\backend\SaaS.Infrastructure\bin\Debug\net8.0\SaaS.Infrastructure.dll" to "bin\Debug\net8.0\SaaS.Infrastructure.dll". Beginning retry 1 in 1000ms. The process cannot access the file 'D:\Rajeev\Projects\MultiTenantSaaS\src\backend\SaaS.Api\bin\Debug\net8.0\SaaS.Infrastructure.dll' because it is being used by another process. The file is locked by: "SaaS.Api (16068)" [D:\Rajeev\Projects\MultiTenantSaaS\src\backend\SaaS.Api\SaaS.Api.csproj]
C:\Program Files\dotnet\sdk\10.0.101\Microsoft.Common.CurrentVersion.targets(5080,5): warning MSB3026: Could not copy "D:\Rajeev\Projects\MultiTenantSaaS\src\backend\SaaS.Application\bin\Debug\net8.0\SaaS.Application.dll" to "bin\Debug\net8.0\SaaS.Application.dll". Beginning retry 1 in 1000ms. The process cannot access the file 'D:\Rajeev\Projects\MultiTenantSaaS\src\backend\SaaS.Api\bin\Debug\net8.0\SaaS.Application.dll' because it is being used by another process. The file is locked by: "SaaS.Api (16068)" [D:\Rajeev\Projects\MultiTenantSaaS\src\backend\SaaS.Api\SaaS.Api.csproj]
C:\Program Files\dotnet\sdk\10.0.101\Microsoft.Common.CurrentVersion.targets(5080,5): warning MSB3026: Could not copy "D:\Rajeev\Projects\MultiTenantSaaS\src\backend\SaaS.Domain\bin\Debug\net8.0\SaaS.Domain.dll" to "bin\Debug\net8.0\SaaS.Domain.dll". Beginning retry 2 in 1000ms. The process cannot access the file 'D:\Rajeev\Projects\MultiTenantSaaS\src\backend\SaaS.Api\bin\Debug\net8.0\SaaS.Domain.dll' because it is being used by another process. The file is locked by: "SaaS.Api (16068)" [D:\Rajeev\Projects\MultiTenantSaaS\src\backend\SaaS.Api\SaaS.Api.csproj]
C:\Program Files\dotnet\sdk\10.0.101\Microsoft.Common.CurrentVersion.targets(5080,5): warning MSB3026: Could not copy "D:\Rajeev\Projects\MultiTenantSaaS\src\backend\SaaS.Application\bin\Debug\net8.0\SaaS.Application.dll" to "bin\Debug\net8.0\SaaS.Application.dll". Beginning retry 2 in 1000ms. The process cannot access the file 'D:\Rajeev\Projects\MultiTenantSaaS\src\backend\SaaS.Api\bin\Debug\net8.0\SaaS.Application.dll' because it is being used by another process. The file is locked by: "SaaS.Api (16068)" [D:\Rajeev\Projects\MultiTenantSaaS\src\backend\SaaS.Api\SaaS.Api.csproj]
C:\Program Files\dotnet\sdk\10.0.101\Microsoft.Common.CurrentVersion.targets(5080,5): warning MSB3026: Could not copy "D:\Rajeev\Projects\MultiTenantSaaS\src\backend\SaaS.Infrastructure\bin\Debug\net8.0\SaaS.Infrastructure.dll" to "bin\Debug\net8.0\SaaS.Infrastructure.dll". Beginning retry 2 in 1000ms. The process cannot access the file 'D:\Rajeev\Projects\MultiTenantSaaS\src\backend\SaaS.Api\bin\Debug\net8.0\SaaS.Infrastructure.dll' because it is being used by another process. The file is locked by: "SaaS.Api (16068)" [D:\Rajeev\Projects\MultiTenantSaaS\src\backend\SaaS.Api\SaaS.Api.csproj]
C:\Program Files\dotnet\sdk\10.0.101\Microsoft.Common.CurrentVersion.targets(5080,5): warning MSB3026: Could not copy "D:\Rajeev\Projects\MultiTenantSaaS\src\backend\SaaS.Domain\bin\Debug\net8.0\SaaS.Domain.dll" to "bin\Debug\net8.0\SaaS.Domain.dll". Beginning retry 3 in 1000ms. The process cannot access the file 'D:\Rajeev\Projects\MultiTenantSaaS\src\backend\SaaS.Api\bin\Debug\net8.0\SaaS.Domain.dll' because it is being used by another process. The file is locked by: "SaaS.Api (16068)" [D:\Rajeev\Projects\MultiTenantSaaS\src\backend\SaaS.Api\SaaS.Api.csproj]
C:\Program Files\dotnet\sdk\10.0.101\Microsoft.Common.CurrentVersion.targets(5080,5): warning MSB3026: Could not copy "D:\Rajeev\Projects\MultiTenantSaaS\src\backend\SaaS.Infrastructure\bin\Debug\net8.0\SaaS.Infrastructure.dll" to "bin\Debug\net8.0\SaaS.Infrastructure.dll". Beginning retry 3 in 1000ms. The process cannot access the file 'D:\Rajeev\Projects\MultiTenantSaaS\src\backend\SaaS.Api\bin\Debug\net8.0\SaaS.Infrastructure.dll' because it is being used by another process. The file is locked by: "SaaS.Api (16068)" [D:\Rajeev\Projects\MultiTenantSaaS\src\backend\SaaS.Api\SaaS.Api.csproj]
C:\Program Files\dotnet\sdk\10.0.101\Microsoft.Common.CurrentVersion.targets(5080,5): warning MSB3026: Could not copy "D:\Rajeev\Projects\MultiTenantSaaS\src\backend\SaaS.Application\bin\Debug\net8.0\SaaS.Application.dll" to "bin\Debug\net8.0\SaaS.Application.dll". Beginning retry 3 in 1000ms. The process cannot access the file 'D:\Rajeev\Projects\MultiTenantSaaS\src\backend\SaaS.Api\bin\Debug\net8.0\SaaS.Application.dll' because it is being used by another process. The file is locked by: "SaaS.Api (16068)" [D:\Rajeev\Projects\MultiTenantSaaS\src\backend\SaaS.Api\SaaS.Api.csproj]
C:\Program Files\dotnet\sdk\10.0.101\Microsoft.Common.CurrentVersion.targets(5080,5): warning MSB3026: Could not copy "D:\Rajeev\Projects\MultiTenantSaaS\src\backend\SaaS.Domain\bin\Debug\net8.0\SaaS.Domain.dll" to "bin\Debug\net8.0\SaaS.Domain.dll". Beginning retry 4 in 1000ms. The process cannot access the file 'D:\Rajeev\Projects\MultiTenantSaaS\src\backend\SaaS.Api\bin\Debug\net8.0\SaaS.Domain.dll' because it is being used by another process. The file is locked by: "SaaS.Api (16068)" [D:\Rajeev\Projects\MultiTenantSaaS\src\backend\SaaS.Api\SaaS.Api.csproj]
C:\Program Files\dotnet\sdk\10.0.101\Microsoft.Common.CurrentVersion.targets(5080,5): warning MSB3026: Could not copy "D:\Rajeev\Projects\MultiTenantSaaS\src\backend\SaaS.Infrastructure\bin\Debug\net8.0\SaaS.Infrastructure.dll" to "bin\Debug\net8.0\SaaS.Infrastructure.dll". Beginning retry 4 in 1000ms. The process cannot access the file 'D:\Rajeev\Projects\MultiTenantSaaS\src\backend\SaaS.Api\bin\Debug\net8.0\SaaS.Infrastructure.dll' because it is being used by another process. The file is locked by: "SaaS.Api (16068)" [D:\Rajeev\Projects\MultiTenantSaaS\src\backend\SaaS.Api\SaaS.Api.csproj]
C:\Program Files\dotnet\sdk\10.0.101\Microsoft.Common.CurrentVersion.targets(5080,5): warning MSB3026: Could not copy "D:\Rajeev\Projects\MultiTenantSaaS\src\backend\SaaS.Application\bin\Debug\net8.0\SaaS.Application.dll" to "bin\Debug\net8.0\SaaS.Application.dll". Beginning retry 4 in 1000ms. The process cannot access the file 'D:\Rajeev\Projects\MultiTenantSaaS\src\backend\SaaS.Api\bin\Debug\net8.0\SaaS.Application.dll' because it is being used by another process. The file is locked by: "SaaS.Api (16068)" [D:\Rajeev\Projects\MultiTenantSaaS\src\backend\SaaS.Api\SaaS.Api.csproj]
C:\Program Files\dotnet\sdk\10.0.101\Microsoft.Common.CurrentVersion.targets(5080,5): warning MSB3026: Could not copy "D:\Rajeev\Projects\MultiTenantSaaS\src\backend\SaaS.Domain\bin\Debug\net8.0\SaaS.Domain.dll" to "bin\Debug\net8.0\SaaS.Domain.dll". Beginning retry 5 in 1000ms. The process cannot access the file 'D:\Rajeev\Projects\MultiTenantSaaS\src\backend\SaaS.Api\bin\Debug\net8.0\SaaS.Domain.dll' because it is being used by another process. The file is locked by: "SaaS.Api (16068)" [D:\Rajeev\Projects\MultiTenantSaaS\src\backend\SaaS.Api\SaaS.Api.csproj]
C:\Program Files\dotnet\sdk\10.0.101\Microsoft.Common.CurrentVersion.targets(5080,5): warning MSB3026: Could not copy "D:\Rajeev\Projects\MultiTenantSaaS\src\backend\SaaS.Infrastructure\bin\Debug\net8.0\SaaS.Infrastructure.dll" to "bin\Debug\net8.0\SaaS.Infrastructure.dll". Beginning retry 5 in 1000ms. The process cannot access the file 'D:\Rajeev\Projects\MultiTenantSaaS\src\backend\SaaS.Api\bin\Debug\net8.0\SaaS.Infrastructure.dll' because it is being used by another process. The file is locked by: "SaaS.Api (16068)" [D:\Rajeev\Projects\MultiTenantSaaS\src\backend\SaaS.Api\SaaS.Api.csproj]
C:\Program Files\dotnet\sdk\10.0.101\Microsoft.Common.CurrentVersion.targets(5080,5): warning MSB3026: Could not copy "D:\Rajeev\Projects\MultiTenantSaaS\src\backend\SaaS.Application\bin\Debug\net8.0\SaaS.Application.dll" to "bin\Debug\net8.0\SaaS.Application.dll". Beginning retry 5 in 1000ms. The process cannot access the file 'D:\Rajeev\Projects\MultiTenantSaaS\src\backend\SaaS.Api\bin\Debug\net8.0\SaaS.Application.dll' because it is being used by another process. The file is locked by: "SaaS.Api (16068)" [D:\Rajeev\Projects\MultiTenantSaaS\src\backend\SaaS.Api\SaaS.Api.csproj]
C:\Program Files\dotnet\sdk\10.0.101\Microsoft.Common.CurrentVersion.targets(5080,5): warning MSB3026: Could not copy "D:\Rajeev\Projects\MultiTenantSaaS\src\backend\SaaS.Domain\bin\Debug\net8.0\SaaS.Domain.dll" to "bin\Debug\net8.0\SaaS.Domain.dll". Beginning retry 6 in 1000ms. The process cannot access the file 'D:\Rajeev\Projects\MultiTenantSaaS\src\backend\SaaS.Api\bin\Debug\net8.0\SaaS.Domain.dll' because it is being used by another process. The file is locked by: "SaaS.Api (16068)" [D:\Rajeev\Projects\MultiTenantSaaS\src\backend\SaaS.Api\SaaS.Api.csproj]
C:\Program Files\dotnet\sdk\10.0.101\Microsoft.Common.CurrentVersion.targets(5080,5): warning MSB3026: Could not copy "D:\Rajeev\Projects\MultiTenantSaaS\src\backend\SaaS.Infrastructure\bin\Debug\net8.0\SaaS.Infrastructure.dll" to "bin\Debug\net8.0\SaaS.Infrastructure.dll". Beginning retry 6 in 1000ms. The process cannot access the file 'D:\Rajeev\Projects\MultiTenantSaaS\src\backend\SaaS.Api\bin\Debug\net8.0\SaaS.Infrastructure.dll' because it is being used by another process. The file is locked by: "SaaS.Api (16068)" [D:\Rajeev\Projects\MultiTenantSaaS\src\backend\SaaS.Api\SaaS.Api.csproj]
C:\Program Files\dotnet\sdk\10.0.101\Microsoft.Common.CurrentVersion.targets(5080,5): warning MSB3026: Could not copy "D:\Rajeev\Projects\MultiTenantSaaS\src\backend\SaaS.Application\bin\Debug\net8.0\SaaS.Application.dll" to "bin\Debug\net8.0\SaaS.Application.dll". Beginning retry 6 in 1000ms. The process cannot access the file 'D:\Rajeev\Projects\MultiTenantSaaS\src\backend\SaaS.Api\bin\Debug\net8.0\SaaS.Application.dll' because it is being used by another process. The file is locked by: "SaaS.Api (16068)" [D:\Rajeev\Projects\MultiTenantSaaS\src\backend\SaaS.Api\SaaS.Api.csproj]
C:\Program Files\dotnet\sdk\10.0.101\Microsoft.Common.CurrentVersion.targets(5080,5): warning MSB3026: Could not copy "D:\Rajeev\Projects\MultiTenantSaaS\src\backend\SaaS.Domain\bin\Debug\net8.0\SaaS.Domain.dll" to "bin\Debug\net8.0\SaaS.Domain.dll". Beginning retry 7 in 1000ms. The process cannot access the file 'D:\Rajeev\Projects\MultiTenantSaaS\src\backend\SaaS.Api\bin\Debug\net8.0\SaaS.Domain.dll' because it is being used by another process. The file is locked by: "SaaS.Api (16068)" [D:\Rajeev\Projects\MultiTenantSaaS\src\backend\SaaS.Api\SaaS.Api.csproj]
C:\Program Files\dotnet\sdk\10.0.101\Microsoft.Common.CurrentVersion.targets(5080,5): warning MSB3026: Could not copy "D:\Rajeev\Projects\MultiTenantSaaS\src\backend\SaaS.Application\bin\Debug\net8.0\SaaS.Application.dll" to "bin\Debug\net8.0\SaaS.Application.dll". Beginning retry 7 in 1000ms. The process cannot access the file 'D:\Rajeev\Projects\MultiTenantSaaS\src\backend\SaaS.Api\bin\Debug\net8.0\SaaS.Application.dll' because it is being used by another process. The file is locked by: "SaaS.Api (16068)" [D:\Rajeev\Projects\MultiTenantSaaS\src\backend\SaaS.Api\SaaS.Api.csproj]
C:\Program Files\dotnet\sdk\10.0.101\Microsoft.Common.CurrentVersion.targets(5080,5): warning MSB3026: Could not copy "D:\Rajeev\Projects\MultiTenantSaaS\src\backend\SaaS.Infrastructure\bin\Debug\net8.0\SaaS.Infrastructure.dll" to "bin\Debug\net8.0\SaaS.Infrastructure.dll". Beginning retry 7 in 1000ms. The process cannot access the file 'D:\Rajeev\Projects\MultiTenantSaaS\src\backend\SaaS.Api\bin\Debug\net8.0\SaaS.Infrastructure.dll' because it is being used by another process. The file is locked by: "SaaS.Api (16068)" [D:\Rajeev\Projects\MultiTenantSaaS\src\backend\SaaS.Api\SaaS.Api.csproj]
C:\Program Files\dotnet\sdk\10.0.101\Microsoft.Common.CurrentVersion.targets(5080,5): warning MSB3026: Could not copy "D:\Rajeev\Projects\MultiTenantSaaS\src\backend\SaaS.Domain\bin\Debug\net8.0\SaaS.Domain.dll" to "bin\Debug\net8.0\SaaS.Domain.dll". Beginning retry 8 in 1000ms. The process cannot access the file 'D:\Rajeev\Projects\MultiTenantSaaS\src\backend\SaaS.Api\bin\Debug\net8.0\SaaS.Domain.dll' because it is being used by another process. The file is locked by: "SaaS.Api (16068)" [D:\Rajeev\Projects\MultiTenantSaaS\src\backend\SaaS.Api\SaaS.Api.csproj]
C:\Program Files\dotnet\sdk\10.0.101\Microsoft.Common.CurrentVersion.targets(5080,5): warning MSB3026: Could not copy "D:\Rajeev\Projects\MultiTenantSaaS\src\backend\SaaS.Application\bin\Debug\net8.0\SaaS.Application.dll" to "bin\Debug\net8.0\SaaS.Application.dll". Beginning retry 8 in 1000ms. The process cannot access the file 'D:\Rajeev\Projects\MultiTenantSaaS\src\backend\SaaS.Api\bin\Debug\net8.0\SaaS.Application.dll' because it is being used by another process. The file is locked by: "SaaS.Api (16068)" [D:\Rajeev\Projects\MultiTenantSaaS\src\backend\SaaS.Api\SaaS.Api.csproj]
C:\Program Files\dotnet\sdk\10.0.101\Microsoft.Common.CurrentVersion.targets(5080,5): warning MSB3026: Could not copy "D:\Rajeev\Projects\MultiTenantSaaS\src\backend\SaaS.Infrastructure\bin\Debug\net8.0\SaaS.Infrastructure.dll" to "bin\Debug\net8.0\SaaS.Infrastructure.dll". Beginning retry 8 in 1000ms. The process cannot access the file 'D:\Rajeev\Projects\MultiTenantSaaS\src\backend\SaaS.Api\bin\Debug\net8.0\SaaS.Infrastructure.dll' because it is being used by another process. The file is locked by: "SaaS.Api (16068)" [D:\Rajeev\Projects\MultiTenantSaaS\src\backend\SaaS.Api\SaaS.Api.csproj]
C:\Program Files\dotnet\sdk\10.0.101\Microsoft.Common.CurrentVersion.targets(5080,5): warning MSB3026: Could not copy "D:\Rajeev\Projects\MultiTenantSaaS\src\backend\SaaS.Domain\bin\Debug\net8.0\SaaS.Domain.dll" to "bin\Debug\net8.0\SaaS.Domain.dll". Beginning retry 9 in 1000ms. The process cannot access the file 'D:\Rajeev\Projects\MultiTenantSaaS\src\backend\SaaS.Api\bin\Debug\net8.0\SaaS.Domain.dll' because it is being used by another process. The file is locked by: "SaaS.Api (16068)" [D:\Rajeev\Projects\MultiTenantSaaS\src\backend\SaaS.Api\SaaS.Api.csproj]
C:\Program Files\dotnet\sdk\10.0.101\Microsoft.Common.CurrentVersion.targets(5080,5): warning MSB3026: Could not copy "D:\Rajeev\Projects\MultiTenantSaaS\src\backend\SaaS.Application\bin\Debug\net8.0\SaaS.Application.dll" to "bin\Debug\net8.0\SaaS.Application.dll". Beginning retry 9 in 1000ms. The process cannot access the file 'D:\Rajeev\Projects\MultiTenantSaaS\src\backend\SaaS.Api\bin\Debug\net8.0\SaaS.Application.dll' because it is being used by another process. The file is locked by: "SaaS.Api (16068)" [D:\Rajeev\Projects\MultiTenantSaaS\src\backend\SaaS.Api\SaaS.Api.csproj]
C:\Program Files\dotnet\sdk\10.0.101\Microsoft.Common.CurrentVersion.targets(5080,5): warning MSB3026: Could not copy "D:\Rajeev\Projects\MultiTenantSaaS\src\backend\SaaS.Infrastructure\bin\Debug\net8.0\SaaS.Infrastructure.dll" to "bin\Debug\net8.0\SaaS.Infrastructure.dll". Beginning retry 9 in 1000ms. The process cannot access the file 'D:\Rajeev\Projects\MultiTenantSaaS\src\backend\SaaS.Api\bin\Debug\net8.0\SaaS.Infrastructure.dll' because it is being used by another process. The file is locked by: "SaaS.Api (16068)" [D:\Rajeev\Projects\MultiTenantSaaS\src\backend\SaaS.Api\SaaS.Api.csproj]
C:\Program Files\dotnet\sdk\10.0.101\Microsoft.Common.CurrentVersion.targets(5080,5): warning MSB3026: Could not copy "D:\Rajeev\Projects\MultiTenantSaaS\src\backend\SaaS.Domain\bin\Debug\net8.0\SaaS.Domain.dll" to "bin\Debug\net8.0\SaaS.Domain.dll". Beginning retry 10 in 1000ms. The process cannot access the file 'D:\Rajeev\Projects\MultiTenantSaaS\src\backend\SaaS.Api\bin\Debug\net8.0\SaaS.Domain.dll' because it is being used by another process. The file is locked by: "SaaS.Api (16068)" [D:\Rajeev\Projects\MultiTenantSaaS\src\backend\SaaS.Api\SaaS.Api.csproj]
C:\Program Files\dotnet\sdk\10.0.101\Microsoft.Common.CurrentVersion.targets(5080,5): warning MSB3026: Could not copy "D:\Rajeev\Projects\MultiTenantSaaS\src\backend\SaaS.Application\bin\Debug\net8.0\SaaS.Application.dll" to "bin\Debug\net8.0\SaaS.Application.dll". Beginning retry 10 in 1000ms. The process cannot access the file 'D:\Rajeev\Projects\MultiTenantSaaS\src\backend\SaaS.Api\bin\Debug\net8.0\SaaS.Application.dll' because it is being used by another process. The file is locked by: "SaaS.Api (16068)" [D:\Rajeev\Projects\MultiTenantSaaS\src\backend\SaaS.Api\SaaS.Api.csproj]
C:\Program Files\dotnet\sdk\10.0.101\Microsoft.Common.CurrentVersion.targets(5080,5): warning MSB3026: Could not copy "D:\Rajeev\Projects\MultiTenantSaaS\src\backend\SaaS.Infrastructure\bin\Debug\net8.0\SaaS.Infrastructure.dll" to "bin\Debug\net8.0\SaaS.Infrastructure.dll". Beginning retry 10 in 1000ms. The process cannot access the file 'D:\Rajeev\Projects\MultiTenantSaaS\src\backend\SaaS.Api\bin\Debug\net8.0\SaaS.Infrastructure.dll' because it is being used by another process. The file is locked by: "SaaS.Api (16068)" [D:\Rajeev\Projects\MultiTenantSaaS\src\backend\SaaS.Api\SaaS.Api.csproj]
C:\Program Files\dotnet\sdk\10.0.101\Microsoft.Common.CurrentVersion.targets(5080,5): error MSB3027: Could not copy "D:\Rajeev\Projects\MultiTenantSaaS\src\backend\SaaS.Domain\bin\Debug\net8.0\SaaS.Domain.dll" to "bin\Debug\net8.0\SaaS.Domain.dll". Exceeded retry count of 10. Failed. The file is locked by: "SaaS.Api (16068)" [D:\Rajeev\Projects\MultiTenantSaaS\src\backend\SaaS.Api\SaaS.Api.csproj]
C:\Program Files\dotnet\sdk\10.0.101\Microsoft.Common.CurrentVersion.targets(5080,5): error MSB3021: Unable to copy file "D:\Rajeev\Projects\MultiTenantSaaS\src\backend\SaaS.Domain\bin\Debug\net8.0\SaaS.Domain.dll" to "bin\Debug\net8.0\SaaS.Domain.dll". The process cannot access the file 'D:\Rajeev\Projects\MultiTenantSaaS\src\backend\SaaS.Api\bin\Debug\net8.0\SaaS.Domain.dll' because it is being used by another process. [D:\Rajeev\Projects\MultiTenantSaaS\src\backend\SaaS.Api\SaaS.Api.csproj]
C:\Program Files\dotnet\sdk\10.0.101\Microsoft.Common.CurrentVersion.targets(5080,5): error MSB3027: Could not copy "D:\Rajeev\Projects\MultiTenantSaaS\src\backend\SaaS.Application\bin\Debug\net8.0\SaaS.Application.dll" to "bin\Debug\net8.0\SaaS.Application.dll". Exceeded retry count of 10. Failed. The file is locked by: "SaaS.Api (16068)" [D:\Rajeev\Projects\MultiTenantSaaS\src\backend\SaaS.Api\SaaS.Api.csproj]
C:\Program Files\dotnet\sdk\10.0.101\Microsoft.Common.CurrentVersion.targets(5080,5): error MSB3021: Unable to copy file "D:\Rajeev\Projects\MultiTenantSaaS\src\backend\SaaS.Application\bin\Debug\net8.0\SaaS.Application.dll" to "bin\Debug\net8.0\SaaS.Application.dll". The process cannot access the file 'D:\Rajeev\Projects\MultiTenantSaaS\src\backend\SaaS.Api\bin\Debug\net8.0\SaaS.Application.dll' because it is being used by another process. [D:\Rajeev\Projects\MultiTenantSaaS\src\backend\SaaS.Api\SaaS.Api.csproj]
C:\Program Files\dotnet\sdk\10.0.101\Microsoft.Common.CurrentVersion.targets(5080,5): error MSB3027: Could not copy "D:\Rajeev\Projects\MultiTenantSaaS\src\backend\SaaS.Infrastructure\bin\Debug\net8.0\SaaS.Infrastructure.dll" to "bin\Debug\net8.0\SaaS.Infrastructure.dll". Exceeded retry count of 10. Failed. The file is locked by: "SaaS.Api (16068)" [D:\Rajeev\Projects\MultiTenantSaaS\src\backend\SaaS.Api\SaaS.Api.csproj]
C:\Program Files\dotnet\sdk\10.0.101\Microsoft.Common.CurrentVersion.targets(5080,5): error MSB3021: Unable to copy file "D:\Rajeev\Projects\MultiTenantSaaS\src\backend\SaaS.Infrastructure\bin\Debug\net8.0\SaaS.Infrastructure.dll" to "bin\Debug\net8.0\SaaS.Infrastructure.dll". The process cannot access the file 'D:\Rajeev\Projects\MultiTenantSaaS\src\backend\SaaS.Api\bin\Debug\net8.0\SaaS.Infrastructure.dll' because it is being used by another process. [D:\Rajeev\Projects\MultiTenantSaaS\src\backend\SaaS.Api\SaaS.Api.csproj]

Build FAILED.

C:\Program Files\dotnet\sdk\10.0.101\Microsoft.Common.CurrentVersion.targets(5080,5): warning MSB3026: Could not copy "D:\Rajeev\Projects\MultiTenantSaaS\src\backend\SaaS.Domain\bin\Debug\net8.0\SaaS.Domain.dll" to "bin\Debug\net8.0\SaaS.Domain.dll". Beginning retry 1 in 1000ms. The process cannot access the file 'D:\Rajeev\Projects\MultiTenantSaaS\src\backend\SaaS.Api\bin\Debug\net8.0\SaaS.Domain.dll' because it is being used by another process. The file is locked by: "SaaS.Api (16068)" [D:\Rajeev\Projects\MultiTenantSaaS\src\backend\SaaS.Api\SaaS.Api.csproj]
C:\Program Files\dotnet\sdk\10.0.101\Microsoft.Common.CurrentVersion.targets(5080,5): warning MSB3026: Could not copy "D:\Rajeev\Projects\MultiTenantSaaS\src\backend\SaaS.Infrastructure\bin\Debug\net8.0\SaaS.Infrastructure.dll" to "bin\Debug\net8.0\SaaS.Infrastructure.dll". Beginning retry 1 in 1000ms. The process cannot access the file 'D:\Rajeev\Projects\MultiTenantSaaS\src\backend\SaaS.Api\bin\Debug\net8.0\SaaS.Infrastructure.dll' because it is being used by another process. The file is locked by: "SaaS.Api (16068)" [D:\Rajeev\Projects\MultiTenantSaaS\src\backend\SaaS.Api\SaaS.Api.csproj]
C:\Program Files\dotnet\sdk\10.0.101\Microsoft.Common.CurrentVersion.targets(5080,5): warning MSB3026: Could not copy "D:\Rajeev\Projects\MultiTenantSaaS\src\backend\SaaS.Application\bin\Debug\net8.0\SaaS.Application.dll" to "bin\Debug\net8.0\SaaS.Application.dll". Beginning retry 1 in 1000ms. The process cannot access the file 'D:\Rajeev\Projects\MultiTenantSaaS\src\backend\SaaS.Api\bin\Debug\net8.0\SaaS.Application.dll' because it is being used by another process. The file is locked by: "SaaS.Api (16068)" [D:\Rajeev\Projects\MultiTenantSaaS\src\backend\SaaS.Api\SaaS.Api.csproj]
C:\Program Files\dotnet\sdk\10.0.101\Microsoft.Common.CurrentVersion.targets(5080,5): warning MSB3026: Could not copy "D:\Rajeev\Projects\MultiTenantSaaS\src\backend\SaaS.Domain\bin\Debug\net8.0\SaaS.Domain.dll" to "bin\Debug\net8.0\SaaS.Domain.dll". Beginning retry 2 in 1000ms. The process cannot access the file 'D:\Rajeev\Projects\MultiTenantSaaS\src\backend\SaaS.Api\bin\Debug\net8.0\SaaS.Domain.dll' because it is being used by another process. The file is locked by: "SaaS.Api (16068)" [D:\Rajeev\Projects\MultiTenantSaaS\src\backend\SaaS.Api\SaaS.Api.csproj]
C:\Program Files\dotnet\sdk\10.0.101\Microsoft.Common.CurrentVersion.targets(5080,5): warning MSB3026: Could not copy "D:\Rajeev\Projects\MultiTenantSaaS\src\backend\SaaS.Application\bin\Debug\net8.0\SaaS.Application.dll" to "bin\Debug\net8.0\SaaS.Application.dll". Beginning retry 2 in 1000ms. The process cannot access the file 'D:\Rajeev\Projects\MultiTenantSaaS\src\backend\SaaS.Api\bin\Debug\net8.0\SaaS.Application.dll' because it is being used by another process. The file is locked by: "SaaS.Api (16068)" [D:\Rajeev\Projects\MultiTenantSaaS\src\backend\SaaS.Api\SaaS.Api.csproj]
C:\Program Files\dotnet\sdk\10.0.101\Microsoft.Common.CurrentVersion.targets(5080,5): warning MSB3026: Could not copy "D:\Rajeev\Projects\MultiTenantSaaS\src\backend\SaaS.Infrastructure\bin\Debug\net8.0\SaaS.Infrastructure.dll" to "bin\Debug\net8.0\SaaS.Infrastructure.dll". Beginning retry 2 in 1000ms. The process cannot access the file 'D:\Rajeev\Projects\MultiTenantSaaS\src\backend\SaaS.Api\bin\Debug\net8.0\SaaS.Infrastructure.dll' because it is being used by another process. The file is locked by: "SaaS.Api (16068)" [D:\Rajeev\Projects\MultiTenantSaaS\src\backend\SaaS.Api\SaaS.Api.csproj]
C:\Program Files\dotnet\sdk\10.0.101\Microsoft.Common.CurrentVersion.targets(5080,5): warning MSB3026: Could not copy "D:\Rajeev\Projects\MultiTenantSaaS\src\backend\SaaS.Domain\bin\Debug\net8.0\SaaS.Domain.dll" to "bin\Debug\net8.0\SaaS.Domain.dll". Beginning retry 3 in 1000ms. The process cannot access the file 'D:\Rajeev\Projects\MultiTenantSaaS\src\backend\SaaS.Api\bin\Debug\net8.0\SaaS.Domain.dll' because it is being used by another process. The file is locked by: "SaaS.Api (16068)" [D:\Rajeev\Projects\MultiTenantSaaS\src\backend\SaaS.Api\SaaS.Api.csproj]
C:\Program Files\dotnet\sdk\10.0.101\Microsoft.Common.CurrentVersion.targets(5080,5): warning MSB3026: Could not copy "D:\Rajeev\Projects\MultiTenantSaaS\src\backend\SaaS.Infrastructure\bin\Debug\net8.0\SaaS.Infrastructure.dll" to "bin\Debug\net8.0\SaaS.Infrastructure.dll". Beginning retry 3 in 1000ms. The process cannot access the file 'D:\Rajeev\Projects\MultiTenantSaaS\src\backend\SaaS.Api\bin\Debug\net8.0\SaaS.Infrastructure.dll' because it is being used by another process. The file is locked by: "SaaS.Api (16068)" [D:\Rajeev\Projects\MultiTenantSaaS\src\backend\SaaS.Api\SaaS.Api.csproj]
C:\Program Files\dotnet\sdk\10.0.101\Microsoft.Common.CurrentVersion.targets(5080,5): warning MSB3026: Could not copy "D:\Rajeev\Projects\MultiTenantSaaS\src\backend\SaaS.Application\bin\Debug\net8.0\SaaS.Application.dll" to "bin\Debug\net8.0\SaaS.Application.dll". Beginning retry 3 in 1000ms. The process cannot access the file 'D:\Rajeev\Projects\MultiTenantSaaS\src\backend\SaaS.Api\bin\Debug\net8.0\SaaS.Application.dll' because it is being used by another process. The file is locked by: "SaaS.Api (16068)" [D:\Rajeev\Projects\MultiTenantSaaS\src\backend\SaaS.Api\SaaS.Api.csproj]
C:\Program Files\dotnet\sdk\10.0.101\Microsoft.Common.CurrentVersion.targets(5080,5): warning MSB3026: Could not copy "D:\Rajeev\Projects\MultiTenantSaaS\src\backend\SaaS.Domain\bin\Debug\net8.0\SaaS.Domain.dll" to "bin\Debug\net8.0\SaaS.Domain.dll". Beginning retry 4 in 1000ms. The process cannot access the file 'D:\Rajeev\Projects\MultiTenantSaaS\src\backend\SaaS.Api\bin\Debug\net8.0\SaaS.Domain.dll' because it is being used by another process. The file is locked by: "SaaS.Api (16068)" [D:\Rajeev\Projects\MultiTenantSaaS\src\backend\SaaS.Api\SaaS.Api.csproj]
C:\Program Files\dotnet\sdk\10.0.101\Microsoft.Common.CurrentVersion.targets(5080,5): warning MSB3026: Could not copy "D:\Rajeev\Projects\MultiTenantSaaS\src\backend\SaaS.Infrastructure\bin\Debug\net8.0\SaaS.Infrastructure.dll" to "bin\Debug\net8.0\SaaS.Infrastructure.dll". Beginning retry 4 in 1000ms. The process cannot access the file 'D:\Rajeev\Projects\MultiTenantSaaS\src\backend\SaaS.Api\bin\Debug\net8.0\SaaS.Infrastructure.dll' because it is being used by another process. The file is locked by: "SaaS.Api (16068)" [D:\Rajeev\Projects\MultiTenantSaaS\src\backend\SaaS.Api\SaaS.Api.csproj]
C:\Program Files\dotnet\sdk\10.0.101\Microsoft.Common.CurrentVersion.targets(5080,5): warning MSB3026: Could not copy "D:\Rajeev\Projects\MultiTenantSaaS\src\backend\SaaS.Application\bin\Debug\net8.0\SaaS.Application.dll" to "bin\Debug\net8.0\SaaS.Application.dll". Beginning retry 4 in 1000ms. The process cannot access the file 'D:\Rajeev\Projects\MultiTenantSaaS\src\backend\SaaS.Api\bin\Debug\net8.0\SaaS.Application.dll' because it is being used by another process. The file is locked by: "SaaS.Api (16068)" [D:\Rajeev\Projects\MultiTenantSaaS\src\backend\SaaS.Api\SaaS.Api.csproj]
C:\Program Files\dotnet\sdk\10.0.101\Microsoft.Common.CurrentVersion.targets(5080,5): warning MSB3026: Could not copy "D:\Rajeev\Projects\MultiTenantSaaS\src\backend\SaaS.Domain\bin\Debug\net8.0\SaaS.Domain.dll" to "bin\Debug\net8.0\SaaS.Domain.dll". Beginning retry 5 in 1000ms. The process cannot access the file 'D:\Rajeev\Projects\MultiTenantSaaS\src\backend\SaaS.Api\bin\Debug\net8.0\SaaS.Domain.dll' because it is being used by another process. The file is locked by: "SaaS.Api (16068)" [D:\Rajeev\Projects\MultiTenantSaaS\src\backend\SaaS.Api\SaaS.Api.csproj]
C:\Program Files\dotnet\sdk\10.0.101\Microsoft.Common.CurrentVersion.targets(5080,5): warning MSB3026: Could not copy "D:\Rajeev\Projects\MultiTenantSaaS\src\backend\SaaS.Infrastructure\bin\Debug\net8.0\SaaS.Infrastructure.dll" to "bin\Debug\net8.0\SaaS.Infrastructure.dll". Beginning retry 5 in 1000ms. The process cannot access the file 'D:\Rajeev\Projects\MultiTenantSaaS\src\backend\SaaS.Api\bin\Debug\net8.0\SaaS.Infrastructure.dll' because it is being used by another process. The file is locked by: "SaaS.Api (16068)" [D:\Rajeev\Projects\MultiTenantSaaS\src\backend\SaaS.Api\SaaS.Api.csproj]
C:\Program Files\dotnet\sdk\10.0.101\Microsoft.Common.CurrentVersion.targets(5080,5): warning MSB3026: Could not copy "D:\Rajeev\Projects\MultiTenantSaaS\src\backend\SaaS.Application\bin\Debug\net8.0\SaaS.Application.dll" to "bin\Debug\net8.0\SaaS.Application.dll". Beginning retry 5 in 1000ms. The process cannot access the file 'D:\Rajeev\Projects\MultiTenantSaaS\src\backend\SaaS.Api\bin\Debug\net8.0\SaaS.Application.dll' because it is being used by another process. The file is locked by: "SaaS.Api (16068)" [D:\Rajeev\Projects\MultiTenantSaaS\src\backend\SaaS.Api\SaaS.Api.csproj]
C:\Program Files\dotnet\sdk\10.0.101\Microsoft.Common.CurrentVersion.targets(5080,5): warning MSB3026: Could not copy "D:\Rajeev\Projects\MultiTenantSaaS\src\backend\SaaS.Domain\bin\Debug\net8.0\SaaS.Domain.dll" to "bin\Debug\net8.0\SaaS.Domain.dll". Beginning retry 6 in 1000ms. The process cannot access the file 'D:\Rajeev\Projects\MultiTenantSaaS\src\backend\SaaS.Api\bin\Debug\net8.0\SaaS.Domain.dll' because it is being used by another process. The file is locked by: "SaaS.Api (16068)" [D:\Rajeev\Projects\MultiTenantSaaS\src\backend\SaaS.Api\SaaS.Api.csproj]
C:\Program Files\dotnet\sdk\10.0.101\Microsoft.Common.CurrentVersion.targets(5080,5): warning MSB3026: Could not copy "D:\Rajeev\Projects\MultiTenantSaaS\src\backend\SaaS.Infrastructure\bin\Debug\net8.0\SaaS.Infrastructure.dll" to "bin\Debug\net8.0\SaaS.Infrastructure.dll". Beginning retry 6 in 1000ms. The process cannot access the file 'D:\Rajeev\Projects\MultiTenantSaaS\src\backend\SaaS.Api\bin\Debug\net8.0\SaaS.Infrastructure.dll' because it is being used by another process. The file is locked by: "SaaS.Api (16068)" [D:\Rajeev\Projects\MultiTenantSaaS\src\backend\SaaS.Api\SaaS.Api.csproj]
C:\Program Files\dotnet\sdk\10.0.101\Microsoft.Common.CurrentVersion.targets(5080,5): warning MSB3026: Could not copy "D:\Rajeev\Projects\MultiTenantSaaS\src\backend\SaaS.Application\bin\Debug\net8.0\SaaS.Application.dll" to "bin\Debug\net8.0\SaaS.Application.dll". Beginning retry 6 in 1000ms. The process cannot access the file 'D:\Rajeev\Projects\MultiTenantSaaS\src\backend\SaaS.Api\bin\Debug\net8.0\SaaS.Application.dll' because it is being used by another process. The file is locked by: "SaaS.Api (16068)" [D:\Rajeev\Projects\MultiTenantSaaS\src\backend\SaaS.Api\SaaS.Api.csproj]
C:\Program Files\dotnet\sdk\10.0.101\Microsoft.Common.CurrentVersion.targets(5080,5): warning MSB3026: Could not copy "D:\Rajeev\Projects\MultiTenantSaaS\src\backend\SaaS.Domain\bin\Debug\net8.0\SaaS.Domain.dll" to "bin\Debug\net8.0\SaaS.Domain.dll". Beginning retry 7 in 1000ms. The process cannot access the file 'D:\Rajeev\Projects\MultiTenantSaaS\src\backend\SaaS.Api\bin\Debug\net8.0\SaaS.Domain.dll' because it is being used by another process. The file is locked by: "SaaS.Api (16068)" [D:\Rajeev\Projects\MultiTenantSaaS\src\backend\SaaS.Api\SaaS.Api.csproj]
C:\Program Files\dotnet\sdk\10.0.101\Microsoft.Common.CurrentVersion.targets(5080,5): warning MSB3026: Could not copy "D:\Rajeev\Projects\MultiTenantSaaS\src\backend\SaaS.Application\bin\Debug\net8.0\SaaS.Application.dll" to "bin\Debug\net8.0\SaaS.Application.dll". Beginning retry 7 in 1000ms. The process cannot access the file 'D:\Rajeev\Projects\MultiTenantSaaS\src\backend\SaaS.Api\bin\Debug\net8.0\SaaS.Application.dll' because it is being used by another process. The file is locked by: "SaaS.Api (16068)" [D:\Rajeev\Projects\MultiTenantSaaS\src\backend\SaaS.Api\SaaS.Api.csproj]
C:\Program Files\dotnet\sdk\10.0.101\Microsoft.Common.CurrentVersion.targets(5080,5): warning MSB3026: Could not copy "D:\Rajeev\Projects\MultiTenantSaaS\src\backend\SaaS.Infrastructure\bin\Debug\net8.0\SaaS.Infrastructure.dll" to "bin\Debug\net8.0\SaaS.Infrastructure.dll". Beginning retry 7 in 1000ms. The process cannot access the file 'D:\Rajeev\Projects\MultiTenantSaaS\src\backend\SaaS.Api\bin\Debug\net8.0\SaaS.Infrastructure.dll' because it is being used by another process. The file is locked by: "SaaS.Api (16068)" [D:\Rajeev\Projects\MultiTenantSaaS\src\backend\SaaS.Api\SaaS.Api.csproj]
C:\Program Files\dotnet\sdk\10.0.101\Microsoft.Common.CurrentVersion.targets(5080,5): warning MSB3026: Could not copy "D:\Rajeev\Projects\MultiTenantSaaS\src\backend\SaaS.Domain\bin\Debug\net8.0\SaaS.Domain.dll" to "bin\Debug\net8.0\SaaS.Domain.dll". Beginning retry 8 in 1000ms. The process cannot access the file 'D:\Rajeev\Projects\MultiTenantSaaS\src\backend\SaaS.Api\bin\Debug\net8.0\SaaS.Domain.dll' because it is being used by another process. The file is locked by: "SaaS.Api (16068)" [D:\Rajeev\Projects\MultiTenantSaaS\src\backend\SaaS.Api\SaaS.Api.csproj]
C:\Program Files\dotnet\sdk\10.0.101\Microsoft.Common.CurrentVersion.targets(5080,5): warning MSB3026: Could not copy "D:\Rajeev\Projects\MultiTenantSaaS\src\backend\SaaS.Application\bin\Debug\net8.0\SaaS.Application.dll" to "bin\Debug\net8.0\SaaS.Application.dll". Beginning retry 8 in 1000ms. The process cannot access the file 'D:\Rajeev\Projects\MultiTenantSaaS\src\backend\SaaS.Api\bin\Debug\net8.0\SaaS.Application.dll' because it is being used by another process. The file is locked by: "SaaS.Api (16068)" [D:\Rajeev\Projects\MultiTenantSaaS\src\backend\SaaS.Api\SaaS.Api.csproj]
C:\Program Files\dotnet\sdk\10.0.101\Microsoft.Common.CurrentVersion.targets(5080,5): warning MSB3026: Could not copy "D:\Rajeev\Projects\MultiTenantSaaS\src\backend\SaaS.Infrastructure\bin\Debug\net8.0\SaaS.Infrastructure.dll" to "bin\Debug\net8.0\SaaS.Infrastructure.dll". Beginning retry 8 in 1000ms. The process cannot access the file 'D:\Rajeev\Projects\MultiTenantSaaS\src\backend\SaaS.Api\bin\Debug\net8.0\SaaS.Infrastructure.dll' because it is being used by another process. The file is locked by: "SaaS.Api (16068)" [D:\Rajeev\Projects\MultiTenantSaaS\src\backend\SaaS.Api\SaaS.Api.csproj]
C:\Program Files\dotnet\sdk\10.0.101\Microsoft.Common.CurrentVersion.targets(5080,5): warning MSB3026: Could not copy "D:\Rajeev\Projects\MultiTenantSaaS\src\backend\SaaS.Domain\bin\Debug\net8.0\SaaS.Domain.dll" to "bin\Debug\net8.0\SaaS.Domain.dll". Beginning retry 9 in 1000ms. The process cannot access the file 'D:\Rajeev\Projects\MultiTenantSaaS\src\backend\SaaS.Api\bin\Debug\net8.0\SaaS.Domain.dll' because it is being used by another process. The file is locked by: "SaaS.Api (16068)" [D:\Rajeev\Projects\MultiTenantSaaS\src\backend\SaaS.Api\SaaS.Api.csproj]
C:\Program Files\dotnet\sdk\10.0.101\Microsoft.Common.CurrentVersion.targets(5080,5): warning MSB3026: Could not copy "D:\Rajeev\Projects\MultiTenantSaaS\src\backend\SaaS.Application\bin\Debug\net8.0\SaaS.Application.dll" to "bin\Debug\net8.0\SaaS.Application.dll". Beginning retry 9 in 1000ms. The process cannot access the file 'D:\Rajeev\Projects\MultiTenantSaaS\src\backend\SaaS.Api\bin\Debug\net8.0\SaaS.Application.dll' because it is being used by another process. The file is locked by: "SaaS.Api (16068)" [D:\Rajeev\Projects\MultiTenantSaaS\src\backend\SaaS.Api\SaaS.Api.csproj]
C:\Program Files\dotnet\sdk\10.0.101\Microsoft.Common.CurrentVersion.targets(5080,5): warning MSB3026: Could not copy "D:\Rajeev\Projects\MultiTenantSaaS\src\backend\SaaS.Infrastructure\bin\Debug\net8.0\SaaS.Infrastructure.dll" to "bin\Debug\net8.0\SaaS.Infrastructure.dll". Beginning retry 9 in 1000ms. The process cannot access the file 'D:\Rajeev\Projects\MultiTenantSaaS\src\backend\SaaS.Api\bin\Debug\net8.0\SaaS.Infrastructure.dll' because it is being used by another process. The file is locked by: "SaaS.Api (16068)" [D:\Rajeev\Projects\MultiTenantSaaS\src\backend\SaaS.Api\SaaS.Api.csproj]
C:\Program Files\dotnet\sdk\10.0.101\Microsoft.Common.CurrentVersion.targets(5080,5): warning MSB3026: Could not copy "D:\Rajeev\Projects\MultiTenantSaaS\src\backend\SaaS.Domain\bin\Debug\net8.0\SaaS.Domain.dll" to "bin\Debug\net8.0\SaaS.Domain.dll". Beginning retry 10 in 1000ms. The process cannot access the file 'D:\Rajeev\Projects\MultiTenantSaaS\src\backend\SaaS.Api\bin\Debug\net8.0\SaaS.Domain.dll' because it is being used by another process. The file is locked by: "SaaS.Api (16068)" [D:\Rajeev\Projects\MultiTenantSaaS\src\backend\SaaS.Api\SaaS.Api.csproj]
C:\Program Files\dotnet\sdk\10.0.101\Microsoft.Common.CurrentVersion.targets(5080,5): warning MSB3026: Could not copy "D:\Rajeev\Projects\MultiTenantSaaS\src\backend\SaaS.Application\bin\Debug\net8.0\SaaS.Application.dll" to "bin\Debug\net8.0\SaaS.Application.dll". Beginning retry 10 in 1000ms. The process cannot access the file 'D:\Rajeev\Projects\MultiTenantSaaS\src\backend\SaaS.Api\bin\Debug\net8.0\SaaS.Application.dll' because it is being used by another process. The file is locked by: "SaaS.Api (16068)" [D:\Rajeev\Projects\MultiTenantSaaS\src\backend\SaaS.Api\SaaS.Api.csproj]
C:\Program Files\dotnet\sdk\10.0.101\Microsoft.Common.CurrentVersion.targets(5080,5): warning MSB3026: Could not copy "D:\Rajeev\Projects\MultiTenantSaaS\src\backend\SaaS.Infrastructure\bin\Debug\net8.0\SaaS.Infrastructure.dll" to "bin\Debug\net8.0\SaaS.Infrastructure.dll". Beginning retry 10 in 1000ms. The process cannot access the file 'D:\Rajeev\Projects\MultiTenantSaaS\src\backend\SaaS.Api\bin\Debug\net8.0\SaaS.Infrastructure.dll' because it is being used by another process. The file is locked by: "SaaS.Api (16068)" [D:\Rajeev\Projects\MultiTenantSaaS\src\backend\SaaS.Api\SaaS.Api.csproj]
C:\Program Files\dotnet\sdk\10.0.101\Microsoft.Common.CurrentVersion.targets(5080,5): error MSB3027: Could not copy "D:\Rajeev\Projects\MultiTenantSaaS\src\backend\SaaS.Domain\bin\Debug\net8.0\SaaS.Domain.dll" to "bin\Debug\net8.0\SaaS.Domain.dll". Exceeded retry count of 10. Failed. The file is locked by: "SaaS.Api (16068)" [D:\Rajeev\Projects\MultiTenantSaaS\src\backend\SaaS.Api\SaaS.Api.csproj]
C:\Program Files\dotnet\sdk\10.0.101\Microsoft.Common.CurrentVersion.targets(5080,5): error MSB3021: Unable to copy file "D:\Rajeev\Projects\MultiTenantSaaS\src\backend\SaaS.Domain\bin\Debug\net8.0\SaaS.Domain.dll" to "bin\Debug\net8.0\SaaS.Domain.dll". The process cannot access the file 'D:\Rajeev\Projects\MultiTenantSaaS\src\backend\SaaS.Api\bin\Debug\net8.0\SaaS.Domain.dll' because it is being used by another process. [D:\Rajeev\Projects\MultiTenantSaaS\src\backend\SaaS.Api\SaaS.Api.csproj]
C:\Program Files\dotnet\sdk\10.0.101\Microsoft.Common.CurrentVersion.targets(5080,5): error MSB3027: Could not copy "D:\Rajeev\Projects\MultiTenantSaaS\src\backend\SaaS.Application\bin\Debug\net8.0\SaaS.Application.dll" to "bin\Debug\net8.0\SaaS.Application.dll". Exceeded retry count of 10. Failed. The file is locked by: "SaaS.Api (16068)" [D:\Rajeev\Projects\MultiTenantSaaS\src\backend\SaaS.Api\SaaS.Api.csproj]
C:\Program Files\dotnet\sdk\10.0.101\Microsoft.Common.CurrentVersion.targets(5080,5): error MSB3021: Unable to copy file "D:\Rajeev\Projects\MultiTenantSaaS\src\backend\SaaS.Application\bin\Debug\net8.0\SaaS.Application.dll" to "bin\Debug\net8.0\SaaS.Application.dll". The process cannot access the file 'D:\Rajeev\Projects\MultiTenantSaaS\src\backend\SaaS.Api\bin\Debug\net8.0\SaaS.Application.dll' because it is being used by another process. [D:\Rajeev\Projects\MultiTenantSaaS\src\backend\SaaS.Api\SaaS.Api.csproj]
C:\Program Files\dotnet\sdk\10.0.101\Microsoft.Common.CurrentVersion.targets(5080,5): error MSB3027: Could not copy "D:\Rajeev\Projects\MultiTenantSaaS\src\backend\SaaS.Infrastructure\bin\Debug\net8.0\SaaS.Infrastructure.dll" to "bin\Debug\net8.0\SaaS.Infrastructure.dll". Exceeded retry count of 10. Failed. The file is locked by: "SaaS.Api (16068)" [D:\Rajeev\Projects\MultiTenantSaaS\src\backend\SaaS.Api\SaaS.Api.csproj]
C:\Program Files\dotnet\sdk\10.0.101\Microsoft.Common.CurrentVersion.targets(5080,5): error MSB3021: Unable to copy file "D:\Rajeev\Projects\MultiTenantSaaS\src\backend\SaaS.Infrastructure\bin\Debug\net8.0\SaaS.Infrastructure.dll" to "bin\Debug\net8.0\SaaS.Infrastructure.dll". The process cannot access the file 'D:\Rajeev\Projects\MultiTenantSaaS\src\backend\SaaS.Api\bin\Debug\net8.0\SaaS.Infrastructure.dll' because it is being used by another process. [D:\Rajeev\Projects\MultiTenantSaaS\src\backend\SaaS.Api\SaaS.Api.csproj]
    30 Warning(s)
    6 Error(s)

Time Elapsed 00:00:15.28
